19:13:41 **** Incremental Build of configuration Debug for project 003LED_BlockingAPI_Task ****
make -j12 all 
arm-none-eabi-gcc "D:/Embedded/RTOS/common/ThirdParty/SEGGER/config/SEGGER_SYSVIEW_Config_FreeRTOS.c" -mcpu=cortex-m4 -std=gnu11 -g3 -DDEBUG -DUSE_HAL_DRIVER -DSTM32F446xx -c -I../Core/Inc -I../Drivers/STM32F4xx_HAL_Driver/Inc -I../Drivers/STM32F4xx_HAL_Driver/Inc/Legacy -I../Drivers/CMSIS/Device/ST/STM32F4xx/Include -I../Drivers/CMSIS/Include -I"D:/Embedded/RTOS/common/ThirdParty/FreeRTOS/include" -I"D:/Embedded/RTOS/common/ThirdParty/FreeRTOS/portable/GCC/ARM_CM4F" -I"D:/Embedded/RTOS/common/ThirdParty/SEGGER/config" -I"D:/Embedded/RTOS/common/ThirdParty/SEGGER/OS" -I"D:/Embedded/RTOS/common/ThirdParty/SEGGER/SEGGER" -O0 -ffunction-sections -fdata-sections -Wall -fstack-usage -fcyclomatic-complexity -MMD -MP -MF"common/ThirdParty/SEGGER/config/SEGGER_SYSVIEW_Config_FreeRTOS.d" -MT"common/ThirdParty/SEGGER/config/SEGGER_SYSVIEW_Config_FreeRTOS.o" --specs=nano.specs -mfpu=fpv4-sp-d16 -mfloat-abi=hard -mthumb -o "common/ThirdParty/SEGGER/config/SEGGER_SYSVIEW_Config_FreeRTOS.o"
arm-none-eabi-gcc "D:/Embedded/RTOS/common/ThirdParty/SEGGER/OS/SEGGER_SYSVIEW_FreeRTOS.c" -mcpu=cortex-m4 -std=gnu11 -g3 -DDEBUG -DUSE_HAL_DRIVER -DSTM32F446xx -c -I../Core/Inc -I../Drivers/STM32F4xx_HAL_Driver/Inc -I../Drivers/STM32F4xx_HAL_Driver/Inc/Legacy -I../Drivers/CMSIS/Device/ST/STM32F4xx/Include -I../Drivers/CMSIS/Include -I"D:/Embedded/RTOS/common/ThirdParty/FreeRTOS/include" -I"D:/Embedded/RTOS/common/ThirdParty/FreeRTOS/portable/GCC/ARM_CM4F" -I"D:/Embedded/RTOS/common/ThirdParty/SEGGER/config" -I"D:/Embedded/RTOS/common/ThirdParty/SEGGER/OS" -I"D:/Embedded/RTOS/common/ThirdParty/SEGGER/SEGGER" -O0 -ffunction-sections -fdata-sections -Wall -fstack-usage -fcyclomatic-complexity -MMD -MP -MF"common/ThirdParty/SEGGER/OS/SEGGER_SYSVIEW_FreeRTOS.d" -MT"common/ThirdParty/SEGGER/OS/SEGGER_SYSVIEW_FreeRTOS.o" --specs=nano.specs -mfpu=fpv4-sp-d16 -mfloat-abi=hard -mthumb -o "common/ThirdParty/SEGGER/OS/SEGGER_SYSVIEW_FreeRTOS.o"
arm-none-eabi-gcc "D:/Embedded/RTOS/common/ThirdParty/FreeRTOS/portable/MemMang/heap_4.c" -mcpu=cortex-m4 -std=gnu11 -g3 -DDEBUG -DUSE_HAL_DRIVER -DSTM32F446xx -c -I../Core/Inc -I../Drivers/STM32F4xx_HAL_Driver/Inc -I../Drivers/STM32F4xx_HAL_Driver/Inc/Legacy -I../Drivers/CMSIS/Device/ST/STM32F4xx/Include -I../Drivers/CMSIS/Include -I"D:/Embedded/RTOS/common/ThirdParty/FreeRTOS/include" -I"D:/Embedded/RTOS/common/ThirdParty/FreeRTOS/portable/GCC/ARM_CM4F" -I"D:/Embedded/RTOS/common/ThirdParty/SEGGER/config" -I"D:/Embedded/RTOS/common/ThirdParty/SEGGER/OS" -I"D:/Embedded/RTOS/common/ThirdParty/SEGGER/SEGGER" -O0 -ffunction-sections -fdata-sections -Wall -fstack-usage -fcyclomatic-complexity -MMD -MP -MF"common/ThirdParty/FreeRTOS/portable/MemMang/heap_4.d" -MT"common/ThirdParty/FreeRTOS/portable/MemMang/heap_4.o" --specs=nano.specs -mfpu=fpv4-sp-d16 -mfloat-abi=hard -mthumb -o "common/ThirdParty/FreeRTOS/portable/MemMang/heap_4.o"
arm-none-eabi-gcc "D:/Embedded/RTOS/common/ThirdParty/FreeRTOS/portable/GCC/ARM_CM4F/port.c" -mcpu=cortex-m4 -std=gnu11 -g3 -DDEBUG -DUSE_HAL_DRIVER -DSTM32F446xx -c -I../Core/Inc -I../Drivers/STM32F4xx_HAL_Driver/Inc -I../Drivers/STM32F4xx_HAL_Driver/Inc/Legacy -I../Drivers/CMSIS/Device/ST/STM32F4xx/Include -I../Drivers/CMSIS/Include -I"D:/Embedded/RTOS/common/ThirdParty/FreeRTOS/include" -I"D:/Embedded/RTOS/common/ThirdParty/FreeRTOS/portable/GCC/ARM_CM4F" -I"D:/Embedded/RTOS/common/ThirdParty/SEGGER/config" -I"D:/Embedded/RTOS/common/ThirdParty/SEGGER/OS" -I"D:/Embedded/RTOS/common/ThirdParty/SEGGER/SEGGER" -O0 -ffunction-sections -fdata-sections -Wall -fstack-usage -fcyclomatic-complexity -MMD -MP -MF"common/ThirdParty/FreeRTOS/portable/GCC/ARM_CM4F/port.d" -MT"common/ThirdParty/FreeRTOS/portable/GCC/ARM_CM4F/port.o" --specs=nano.specs -mfpu=fpv4-sp-d16 -mfloat-abi=hard -mthumb -o "common/ThirdParty/FreeRTOS/portable/GCC/ARM_CM4F/port.o"
arm-none-eabi-gcc "D:/Embedded/RTOS/common/ThirdParty/FreeRTOS/croutine.c" -mcpu=cortex-m4 -std=gnu11 -g3 -DDEBUG -DUSE_HAL_DRIVER -DSTM32F446xx -c -I../Core/Inc -I../Drivers/STM32F4xx_HAL_Driver/Inc -I../Drivers/STM32F4xx_HAL_Driver/Inc/Legacy -I../Drivers/CMSIS/Device/ST/STM32F4xx/Include -I../Drivers/CMSIS/Include -I"D:/Embedded/RTOS/common/ThirdParty/FreeRTOS/include" -I"D:/Embedded/RTOS/common/ThirdParty/FreeRTOS/portable/GCC/ARM_CM4F" -I"D:/Embedded/RTOS/common/ThirdParty/SEGGER/config" -I"D:/Embedded/RTOS/common/ThirdParty/SEGGER/OS" -I"D:/Embedded/RTOS/common/ThirdParty/SEGGER/SEGGER" -O0 -ffunction-sections -fdata-sections -Wall -fstack-usage -fcyclomatic-complexity -MMD -MP -MF"common/ThirdParty/FreeRTOS/croutine.d" -MT"common/ThirdParty/FreeRTOS/croutine.o" --specs=nano.specs -mfpu=fpv4-sp-d16 -mfloat-abi=hard -mthumb -o "common/ThirdParty/FreeRTOS/croutine.o"
arm-none-eabi-gcc "D:/Embedded/RTOS/common/ThirdParty/FreeRTOS/event_groups.c" -mcpu=cortex-m4 -std=gnu11 -g3 -DDEBUG -DUSE_HAL_DRIVER -DSTM32F446xx -c -I../Core/Inc -I../Drivers/STM32F4xx_HAL_Driver/Inc -I../Drivers/STM32F4xx_HAL_Driver/Inc/Legacy -I../Drivers/CMSIS/Device/ST/STM32F4xx/Include -I../Drivers/CMSIS/Include -I"D:/Embedded/RTOS/common/ThirdParty/FreeRTOS/include" -I"D:/Embedded/RTOS/common/ThirdParty/FreeRTOS/portable/GCC/ARM_CM4F" -I"D:/Embedded/RTOS/common/ThirdParty/SEGGER/config" -I"D:/Embedded/RTOS/common/ThirdParty/SEGGER/OS" -I"D:/Embedded/RTOS/common/ThirdParty/SEGGER/SEGGER" -O0 -ffunction-sections -fdata-sections -Wall -fstack-usage -fcyclomatic-complexity -MMD -MP -MF"common/ThirdParty/FreeRTOS/event_groups.d" -MT"common/ThirdParty/FreeRTOS/event_groups.o" --specs=nano.specs -mfpu=fpv4-sp-d16 -mfloat-abi=hard -mthumb -o "common/ThirdParty/FreeRTOS/event_groups.o"
arm-none-eabi-gcc "D:/Embedded/RTOS/common/ThirdParty/FreeRTOS/list.c" -mcpu=cortex-m4 -std=gnu11 -g3 -DDEBUG -DUSE_HAL_DRIVER -DSTM32F446xx -c -I../Core/Inc -I../Drivers/STM32F4xx_HAL_Driver/Inc -I../Drivers/STM32F4xx_HAL_Driver/Inc/Legacy -I../Drivers/CMSIS/Device/ST/STM32F4xx/Include -I../Drivers/CMSIS/Include -I"D:/Embedded/RTOS/common/ThirdParty/FreeRTOS/include" -I"D:/Embedded/RTOS/common/ThirdParty/FreeRTOS/portable/GCC/ARM_CM4F" -I"D:/Embedded/RTOS/common/ThirdParty/SEGGER/config" -I"D:/Embedded/RTOS/common/ThirdParty/SEGGER/OS" -I"D:/Embedded/RTOS/common/ThirdParty/SEGGER/SEGGER" -O0 -ffunction-sections -fdata-sections -Wall -fstack-usage -fcyclomatic-complexity -MMD -MP -MF"common/ThirdParty/FreeRTOS/list.d" -MT"common/ThirdParty/FreeRTOS/list.o" --specs=nano.specs -mfpu=fpv4-sp-d16 -mfloat-abi=hard -mthumb -o "common/ThirdParty/FreeRTOS/list.o"
arm-none-eabi-gcc "D:/Embedded/RTOS/common/ThirdParty/FreeRTOS/queue.c" -mcpu=cortex-m4 -std=gnu11 -g3 -DDEBUG -DUSE_HAL_DRIVER -DSTM32F446xx -c -I../Core/Inc -I../Drivers/STM32F4xx_HAL_Driver/Inc -I../Drivers/STM32F4xx_HAL_Driver/Inc/Legacy -I../Drivers/CMSIS/Device/ST/STM32F4xx/Include -I../Drivers/CMSIS/Include -I"D:/Embedded/RTOS/common/ThirdParty/FreeRTOS/include" -I"D:/Embedded/RTOS/common/ThirdParty/FreeRTOS/portable/GCC/ARM_CM4F" -I"D:/Embedded/RTOS/common/ThirdParty/SEGGER/config" -I"D:/Embedded/RTOS/common/ThirdParty/SEGGER/OS" -I"D:/Embedded/RTOS/common/ThirdParty/SEGGER/SEGGER" -O0 -ffunction-sections -fdata-sections -Wall -fstack-usage -fcyclomatic-complexity -MMD -MP -MF"common/ThirdParty/FreeRTOS/queue.d" -MT"common/ThirdParty/FreeRTOS/queue.o" --specs=nano.specs -mfpu=fpv4-sp-d16 -mfloat-abi=hard -mthumb -o "common/ThirdParty/FreeRTOS/queue.o"
arm-none-eabi-gcc "D:/Embedded/RTOS/common/ThirdParty/FreeRTOS/stream_buffer.c" -mcpu=cortex-m4 -std=gnu11 -g3 -DDEBUG -DUSE_HAL_DRIVER -DSTM32F446xx -c -I../Core/Inc -I../Drivers/STM32F4xx_HAL_Driver/Inc -I../Drivers/STM32F4xx_HAL_Driver/Inc/Legacy -I../Drivers/CMSIS/Device/ST/STM32F4xx/Include -I../Drivers/CMSIS/Include -I"D:/Embedded/RTOS/common/ThirdParty/FreeRTOS/include" -I"D:/Embedded/RTOS/common/ThirdParty/FreeRTOS/portable/GCC/ARM_CM4F" -I"D:/Embedded/RTOS/common/ThirdParty/SEGGER/config" -I"D:/Embedded/RTOS/common/ThirdParty/SEGGER/OS" -I"D:/Embedded/RTOS/common/ThirdParty/SEGGER/SEGGER" -O0 -ffunction-sections -fdata-sections -Wall -fstack-usage -fcyclomatic-complexity -MMD -MP -MF"common/ThirdParty/FreeRTOS/stream_buffer.d" -MT"common/ThirdParty/FreeRTOS/stream_buffer.o" --specs=nano.specs -mfpu=fpv4-sp-d16 -mfloat-abi=hard -mthumb -o "common/ThirdParty/FreeRTOS/stream_buffer.o"
arm-none-eabi-gcc "D:/Embedded/RTOS/common/ThirdParty/FreeRTOS/tasks.c" -mcpu=cortex-m4 -std=gnu11 -g3 -DDEBUG -DUSE_HAL_DRIVER -DSTM32F446xx -c -I../Core/Inc -I../Drivers/STM32F4xx_HAL_Driver/Inc -I../Drivers/STM32F4xx_HAL_Driver/Inc/Legacy -I../Drivers/CMSIS/Device/ST/STM32F4xx/Include -I../Drivers/CMSIS/Include -I"D:/Embedded/RTOS/common/ThirdParty/FreeRTOS/include" -I"D:/Embedded/RTOS/common/ThirdParty/FreeRTOS/portable/GCC/ARM_CM4F" -I"D:/Embedded/RTOS/common/ThirdParty/SEGGER/config" -I"D:/Embedded/RTOS/common/ThirdParty/SEGGER/OS" -I"D:/Embedded/RTOS/common/ThirdParty/SEGGER/SEGGER" -O0 -ffunction-sections -fdata-sections -Wall -fstack-usage -fcyclomatic-complexity -MMD -MP -MF"common/ThirdParty/FreeRTOS/tasks.d" -MT"common/ThirdParty/FreeRTOS/tasks.o" --specs=nano.specs -mfpu=fpv4-sp-d16 -mfloat-abi=hard -mthumb -o "common/ThirdParty/FreeRTOS/tasks.o"
arm-none-eabi-gcc "D:/Embedded/RTOS/common/ThirdParty/FreeRTOS/timers.c" -mcpu=cortex-m4 -std=gnu11 -g3 -DDEBUG -DUSE_HAL_DRIVER -DSTM32F446xx -c -I../Core/Inc -I../Drivers/STM32F4xx_HAL_Driver/Inc -I../Drivers/STM32F4xx_HAL_Driver/Inc/Legacy -I../Drivers/CMSIS/Device/ST/STM32F4xx/Include -I../Drivers/CMSIS/Include -I"D:/Embedded/RTOS/common/ThirdParty/FreeRTOS/include" -I"D:/Embedded/RTOS/common/ThirdParty/FreeRTOS/portable/GCC/ARM_CM4F" -I"D:/Embedded/RTOS/common/ThirdParty/SEGGER/config" -I"D:/Embedded/RTOS/common/ThirdParty/SEGGER/OS" -I"D:/Embedded/RTOS/common/ThirdParty/SEGGER/SEGGER" -O0 -ffunction-sections -fdata-sections -Wall -fstack-usage -fcyclomatic-complexity -MMD -MP -MF"common/ThirdParty/FreeRTOS/timers.d" -MT"common/ThirdParty/FreeRTOS/timers.o" --specs=nano.specs -mfpu=fpv4-sp-d16 -mfloat-abi=hard -mthumb -o "common/ThirdParty/FreeRTOS/timers.o"
arm-none-eabi-gcc "../Core/Src/main.c" -mcpu=cortex-m4 -std=gnu11 -g3 -DDEBUG -DUSE_HAL_DRIVER -DSTM32F446xx -c -I../Core/Inc -I../Drivers/STM32F4xx_HAL_Driver/Inc -I../Drivers/STM32F4xx_HAL_Driver/Inc/Legacy -I../Drivers/CMSIS/Device/ST/STM32F4xx/Include -I../Drivers/CMSIS/Include -I"D:/Embedded/RTOS/common/ThirdParty/FreeRTOS/include" -I"D:/Embedded/RTOS/common/ThirdParty/FreeRTOS/portable/GCC/ARM_CM4F" -I"D:/Embedded/RTOS/common/ThirdParty/SEGGER/config" -I"D:/Embedded/RTOS/common/ThirdParty/SEGGER/OS" -I"D:/Embedded/RTOS/common/ThirdParty/SEGGER/SEGGER" -O0 -ffunction-sections -fdata-sections -Wall -fstack-usage -fcyclomatic-complexity -MMD -MP -MF"Core/Src/main.d" -MT"Core/Src/main.o" --specs=nano.specs -mfpu=fpv4-sp-d16 -mfloat-abi=hard -mthumb -o "Core/Src/main.o"
arm-none-eabi-gcc "../Core/Src/stm32f4xx_hal_msp.c" -mcpu=cortex-m4 -std=gnu11 -g3 -DDEBUG -DUSE_HAL_DRIVER -DSTM32F446xx -c -I../Core/Inc -I../Drivers/STM32F4xx_HAL_Driver/Inc -I../Drivers/STM32F4xx_HAL_Driver/Inc/Legacy -I../Drivers/CMSIS/Device/ST/STM32F4xx/Include -I../Drivers/CMSIS/Include -I"D:/Embedded/RTOS/common/ThirdParty/FreeRTOS/include" -I"D:/Embedded/RTOS/common/ThirdParty/FreeRTOS/portable/GCC/ARM_CM4F" -I"D:/Embedded/RTOS/common/ThirdParty/SEGGER/config" -I"D:/Embedded/RTOS/common/ThirdParty/SEGGER/OS" -I"D:/Embedded/RTOS/common/ThirdParty/SEGGER/SEGGER" -O0 -ffunction-sections -fdata-sections -Wall -fstack-usage -fcyclomatic-complexity -MMD -MP -MF"Core/Src/stm32f4xx_hal_msp.d" -MT"Core/Src/stm32f4xx_hal_msp.o" --specs=nano.specs -mfpu=fpv4-sp-d16 -mfloat-abi=hard -mthumb -o "Core/Src/stm32f4xx_hal_msp.o"
arm-none-eabi-gcc -o "003LED_BlockingAPI_Task.elf" @"objects.list"   -mcpu=cortex-m4 -T"D:\Embedded\RTOS\003LED_BlockingAPI_Task\STM32F446RETX_FLASH.ld" --specs=nosys.specs -Wl,-Map="003LED_BlockingAPI_Task.map" -Wl,--gc-sections -static --specs=nano.specs -mfpu=fpv4-sp-d16 -mfloat-abi=hard -mthumb -Wl,--start-group -lc -lm -Wl,--end-group
Finished building target: 003LED_BlockingAPI_Task.elf
 
arm-none-eabi-size  003LED_BlockingAPI_Task.elf 
arm-none-eabi-objdump -h -S 003LED_BlockingAPI_Task.elf  > "003LED_BlockingAPI_Task.list"
   text	   data	    bss	    dec	    hex	filename
  31732	     24	  84632	 116388	  1c6a4	003LED_BlockingAPI_Task.elf
Finished building: default.size.stdout
 
Finished building: 003LED_BlockingAPI_Task.list
 
