08:55:36 **** Incremental Build of configuration Debug for project 006LED_Btn_ISR ****
make -j12 all 
arm-none-eabi-gcc "../Core/Src/main.c" -mcpu=cortex-m4 -std=gnu11 -g3 -DDEBUG -DUSE_HAL_DRIVER -DSTM32F446xx -c -I../Core/Inc -I../Drivers/STM32F4xx_HAL_Driver/Inc -I../Drivers/STM32F4xx_HAL_Driver/Inc/Legacy -I../Drivers/CMSIS/Device/ST/STM32F4xx/Include -I../Drivers/CMSIS/Include -I"D:/Embedded/RTOS/common/ThirdParty/FreeRTOS/include" -I"D:/Embedded/RTOS/common/ThirdParty/FreeRTOS/portable/GCC/ARM_CM4F" -I"D:/Embedded/RTOS/common/ThirdParty/SEGGER/config" -I"D:/Embedded/RTOS/common/ThirdParty/SEGGER/OS" -I"D:/Embedded/RTOS/common/ThirdParty/SEGGER/SEGGER" -O0 -ffunction-sections -fdata-sections -Wall -fstack-usage -fcyclomatic-complexity -MMD -MP -MF"Core/Src/main.d" -MT"Core/Src/main.o" --specs=nano.specs -mfpu=fpv4-sp-d16 -mfloat-abi=hard -mthumb -o "Core/Src/main.o"
arm-none-eabi-gcc -o "006LED_Btn_ISR.elf" @"objects.list"   -mcpu=cortex-m4 -T"D:\Embedded\RTOS\006LED_Btn_ISR\STM32F446RETX_FLASH.ld" --specs=nosys.specs -Wl,-Map="006LED_Btn_ISR.map" -Wl,--gc-sections -static --specs=nano.specs -mfpu=fpv4-sp-d16 -mfloat-abi=hard -mthumb -Wl,--start-group -lc -lm -Wl,--end-group
Finished building target: 006LED_Btn_ISR.elf
 
arm-none-eabi-size  006LED_Btn_ISR.elf 
arm-none-eabi-objdump -h -S 006LED_Btn_ISR.elf  > "006LED_Btn_ISR.list"
   text	   data	    bss	    dec	    hex	filename
  33916	     24	  84648	 118588	  1cf3c	006LED_Btn_ISR.elf
Finished building: default.size.stdout
 
Finished building: 006LED_Btn_ISR.list
 
08:56:00 **** Incremental Build of configuration Debug for project 006LED_Btn_ISR ****
make -j12 all 
arm-none-eabi-size  006LED_Btn_ISR.elf 
   text	   data	    bss	    dec	    hex	filename
  33916	     24	  84648	 118588	  1cf3c	006LED_Btn_ISR.elf
Finished building: default.size.stdout
 
